
> design-hunt@0.1.0 build
> next build

Γû▓ Next.js 16.1.6 (Turbopack)
- Environments: .env
- Experiments (use with caution):
  ┬╖ serverActions

node.exe : ΓÜá The 
"middleware" file 
convention is 
deprecated. Please 
use "proxy" instead. 
Learn more: https://ne
xtjs.org/docs/messages
/middleware-to-proxy
At line:1 char:1
+ & "C:\Program Files\
nodejs/node.exe" 
"C:\Program 
Files\nodejs/node_mo 
...
+ ~~~~~~~~~~~~~~~~~~~~
~~~~~~~~~~~~~~~~~~~~~~
~~~~~~~~~~~~~~~~~~~~~~
~~~~~
    + CategoryInfo    
          : NotSpeci  
  fied: (ΓÜá The "m   
 iddle...leware-to    
-proxy:String) []    
, RemoteException
    + FullyQualifiedE 
   rrorId : NativeCo  
  mmandError
 
  Creating an optimized production build ...
Γ£ô Compiled successfully in 53s
  Running TypeScript ...
Failed to compile.

./app/about/page.tsx:7
6:25
Type error: Type '{ 
hidden: { opacity: 
number; y: number; }; 
visible: { opacity: 
number; y: number; 
transition: { 
duration: number; 
ease: number[]; }; }; 
}' is not assignable 
to type 'Variants'.
  Property 'visible' 
is incompatible with 
index signature.
    Type '{ opacity: 
number; y: number; 
transition: { 
duration: number; 
ease: number[]; }; }' 
is not assignable to 
type 'Variant'.
      Type '{ 
opacity: number; y: 
number; transition: { 
duration: number; 
ease: number[]; }; }' 
is not assignable to 
type 
'TargetAndTransition'.
        Type '{ 
opacity: number; y: 
number; transition: { 
duration: number; 
ease: number[]; }; }' 
is not assignable to 
type '{ transition?: 
Transition<any> | 
undefined; 
transitionEnd?: 
ResolvedValues$1 | 
undefined; }'.
          Types of 
property 'transition' 
are incompatible.
            Type '{ 
duration: number; 
ease: number[]; }' is 
not assignable to 
type 'Transition<any> 
| undefined'.
              Type '{ 
duration: number; 
ease: number[]; }' is 
not assignable to 
type 'TransitionWithVa
lueOverrides<any>'.
                Type 
'{ duration: number; 
ease: number[]; }' is 
not assignable to 
type 'ValueAnimationTr
ansition<any>'.
                  
Types of property 
'ease' are 
incompatible.
                    
Type 'number[]' is 
not assignable to 
type 'Easing | 
Easing[] | undefined'.
                      
Type 'number[]' is 
not assignable to 
type 'EasingFunction 
| Easing[]'.
                      
  Type 'number[]' is 
not assignable to 
type 'Easing[]'.
                      
    Type 'number' is 
not assignable to 
type 'Easing'.

[0m [90m 74 |[39m  
           className[
33m=[39m[32m"max-w-4
xl"[39m
 [90m 75 |[39m      
     [33m>[39m
[31m[1m>[22m[39m[
90m 76 |[39m         
    [33m<[39m[33mmo
tion[39m[33m.[39mdi
v variants[33m=[39m{
itemVariants} classNam
e[33m=[39m[32m"inli
ne-flex items-center 
gap-2 px-4 py-1.5 
rounded-full bg-black 
text-white text-xs 
font-black uppercase 
tracking-[0.2em] 
mb-8"[39m[33m>[39m
 [90m    |[39m      
                   
[31m[1m^[22m[39m
 [90m 77 |[39m      
         [33m<[39m[
33mStar[39m className
[33m=[39m[32m"w-3 
h-3 
text-accent-yellow fil
l-accent-yellow"[39m 
[33m/[39m[33m>[39m
 [33mOur[39m 
[33mMission[39m
 [90m 78 |[39m      
       [33m<[39m[33
m/[39m[33mmotion[39
m[33m.[39mdiv[33m>
[39m
 [90m 79 |[39m      
       [0m
Next.js build worker 
exited with code: 1 
and signal: null
